{
  "Resources": {
    "MyIotTopicRuleFE4E2C8B": {
      "Type": "AWS::IoT::TopicRule",
      "Properties": {
        "TopicRulePayload": {
          "Actions": [
            {
              "Republish": {
                "Qos": 0,
                "RoleArn": {
                  "Fn::GetAtt": [
                    "MyIotTopicRuleAllowIot2CEDF6FE",
                    "Arn"
                  ]
                },
                "Topic": "some/topic"
              }
            }
          ],
          "AwsIotSqlVersion": "2015-10-08",
          "Description": "",
          "RuleDisabled": false,
          "Sql": "SELECT * FROM 'topic/subtopic'"
        },
        "RuleName": "TODO"
      }
    },
    "MyIotTopicRuleAllowIot2CEDF6FE": {
      "Type": "AWS::IAM::Role",
      "Properties": {
        "AssumeRolePolicyDocument": {
          "Statement": [
            {
              "Action": "sts:AssumeRole",
              "Effect": "Allow",
              "Principal": {
                "Service": "iot.amazonaws.com"
              }
            }
          ],
          "Version": "2012-10-17"
        }
      }
    },
    "MyIotTopicRuleAllowIotDefaultPolicy118BC1CA": {
      "Type": "AWS::IAM::Policy",
      "Properties": {
        "PolicyDocument": {
          "Statement": [
            {
              "Action": "iot:Publish",
              "Effect": "Allow",
              "Resource": {
                "Fn::Join": [
                  "",
                  [
                    "arn:",
                    {
                      "Ref": "AWS::Partition"
                    },
                    ":iot:",
                    {
                      "Ref": "AWS::Region"
                    },
                    ":",
                    {
                      "Ref": "AWS::AccountId"
                    },
                    ":topic/some/topic"
                  ]
                ]
              }
            }
          ],
          "Version": "2012-10-17"
        },
        "PolicyName": "MyIotTopicRuleAllowIotDefaultPolicy118BC1CA",
        "Roles": [
          {
            "Ref": "MyIotTopicRuleAllowIot2CEDF6FE"
          }
        ]
      }
    }
  }
}