{
  "Resources": {
    "FunctionServiceRole675BB04A": {
      "Type": "AWS::IAM::Role",
      "Properties": {
        "AssumeRolePolicyDocument": {
          "Statement": [
            {
              "Action": "sts:AssumeRole",
              "Effect": "Allow",
              "Principal": {
                "Service": "lambda.amazonaws.com"
              }
            }
          ],
          "Version": "2012-10-17"
        },
        "ManagedPolicyArns": [
          {
            "Fn::Join": [
              "",
              [
                "arn:",
                {
                  "Ref": "AWS::Partition"
                },
                ":iam::aws:policy/service-role/AWSLambdaBasicExecutionRole"
              ]
            ]
          }
        ]
      }
    },
    "Function76856677": {
      "Type": "AWS::Lambda::Function",
      "Properties": {
        "Code": {
          "ZipFile": "boom"
        },
        "Role": {
          "Fn::GetAtt": [
            "FunctionServiceRole675BB04A",
            "Arn"
          ]
        },
        "Handler": "index.handler",
        "Runtime": "nodejs12.x"
      },
      "DependsOn": [
        "FunctionServiceRole675BB04A"
      ]
    },
    "FunctionAllowIotD2ECA9CD": {
      "Type": "AWS::Lambda::Permission",
      "Properties": {
        "Action": "lambda:InvokeFunction",
        "FunctionName": {
          "Fn::GetAtt": [
            "Function76856677",
            "Arn"
          ]
        },
        "Principal": "iot.amazonaws.com",
        "SourceAccount": {
          "Ref": "AWS::AccountId"
        }
      }
    },
    "MyIotTopicRuleFE4E2C8B": {
      "Type": "AWS::IoT::TopicRule",
      "Properties": {
        "TopicRulePayload": {
          "Actions": [
            {
              "Lambda": {
                "FunctionArn": {
                  "Fn::GetAtt": [
                    "Function76856677",
                    "Arn"
                  ]
                }
              }
            }
          ],
          "AwsIotSqlVersion": "2015-10-08",
          "RuleDisabled": false,
          "Sql": "SELECT * FROM 'topic/subtopic'"
        }
      },
      "DependsOn": [
        "FunctionAllowIotD2ECA9CD"
      ]
    }
  }
}